This is pdfTeX, Version 3.141592653-2.6-1.40.25 (TeX Live 2023/Debian) (preloaded format=pdflatex)
 restricted \write18 enabled.
entering extended mode
(./report.tex
LaTeX2e <2023-11-01> patch level 1
L3 programming layer <2024-01-22>
(/usr/share/texlive/texmf-dist/tex/latex/base/article.cls
Document Class: article 2023/05/17 v1.4n Standard LaTeX document class
(/usr/share/texlive/texmf-dist/tex/latex/base/size11.clo))
(/usr/share/texlive/texmf-dist/tex/latex/geometry/geometry.sty
(/usr/share/texlive/texmf-dist/tex/latex/graphics/keyval.sty)
(/usr/share/texlive/texmf-dist/tex/generic/iftex/ifvtex.sty
(/usr/share/texlive/texmf-dist/tex/generic/iftex/iftex.sty)))
(/usr/share/texlive/texmf-dist/tex/latex/base/fontenc.sty)
(/usr/share/texlive/texmf-dist/tex/latex/amsmath/amsmath.sty
For additional information on amsmath, use the `?' option.
(/usr/share/texlive/texmf-dist/tex/latex/amsmath/amstext.sty
(/usr/share/texlive/texmf-dist/tex/latex/amsmath/amsgen.sty))
(/usr/share/texlive/texmf-dist/tex/latex/amsmath/amsbsy.sty)
(/usr/share/texlive/texmf-dist/tex/latex/amsmath/amsopn.sty))
(/usr/share/texlive/texmf-dist/tex/latex/amsfonts/amssymb.sty
(/usr/share/texlive/texmf-dist/tex/latex/amsfonts/amsfonts.sty))
(/usr/share/texlive/texmf-dist/tex/latex/booktabs/booktabs.sty)
(/usr/share/texlive/texmf-dist/tex/latex/tools/tabularx.sty
(/usr/share/texlive/texmf-dist/tex/latex/tools/array.sty))
(/usr/share/texlive/texmf-dist/tex/latex/listings/listings.sty
(/usr/share/texlive/texmf-dist/tex/latex/listings/lstmisc.sty)
(/usr/share/texlive/texmf-dist/tex/latex/listings/listings.cfg))
(/usr/share/texlive/texmf-dist/tex/latex/microtype/microtype.sty
(/usr/share/texlive/texmf-dist/tex/latex/etoolbox/etoolbox.sty)
(/usr/share/texlive/texmf-dist/tex/latex/microtype/microtype-pdftex.def)
(/usr/share/texlive/texmf-dist/tex/latex/microtype/microtype.cfg))
(/usr/share/texlive/texmf-dist/tex/latex/url/url.sty)
(/usr/share/texlive/texmf-dist/tex/latex/cite/cite.sty)
(/usr/share/texlive/texmf-dist/tex/latex/hyperref/hyperref.sty
(/usr/share/texlive/texmf-dist/tex/latex/kvsetkeys/kvsetkeys.sty)
(/usr/share/texlive/texmf-dist/tex/generic/kvdefinekeys/kvdefinekeys.sty)
(/usr/share/texlive/texmf-dist/tex/generic/pdfescape/pdfescape.sty
(/usr/share/texlive/texmf-dist/tex/generic/ltxcmds/ltxcmds.sty)
(/usr/share/texlive/texmf-dist/tex/generic/pdftexcmds/pdftexcmds.sty
(/usr/share/texlive/texmf-dist/tex/generic/infwarerr/infwarerr.sty)))
(/usr/share/texlive/texmf-dist/tex/latex/hycolor/hycolor.sty)
(/usr/share/texlive/texmf-dist/tex/latex/auxhook/auxhook.sty)
(/usr/share/texlive/texmf-dist/tex/latex/hyperref/nameref.sty
(/usr/share/texlive/texmf-dist/tex/latex/refcount/refcount.sty)
(/usr/share/texlive/texmf-dist/tex/generic/gettitlestring/gettitlestring.sty
(/usr/share/texlive/texmf-dist/tex/latex/kvoptions/kvoptions.sty)))
(/usr/share/texlive/texmf-dist/tex/latex/hyperref/pd1enc.def)
(/usr/share/texlive/texmf-dist/tex/generic/intcalc/intcalc.sty)
(/usr/share/texlive/texmf-dist/tex/latex/hyperref/puenc.def)
(/usr/share/texlive/texmf-dist/tex/generic/bitset/bitset.sty
(/usr/share/texlive/texmf-dist/tex/generic/bigintcalc/bigintcalc.sty))
(/usr/share/texlive/texmf-dist/tex/latex/base/atbegshi-ltx.sty))
(/usr/share/texlive/texmf-dist/tex/latex/hyperref/hpdftex.def
(/usr/share/texlive/texmf-dist/tex/latex/base/atveryend-ltx.sty)
(/usr/share/texlive/texmf-dist/tex/latex/rerunfilecheck/rerunfilecheck.sty
(/usr/share/texlive/texmf-dist/tex/generic/uniquecounter/uniquecounter.sty)))
(/usr/share/texlive/texmf-dist/tex/latex/l3backend/l3backend-pdftex.def)
(/tmp/coursework-pdf-30ed69c7b-v7-kMKV6h/report.aux)
*geometry* driver: auto-detecting
*geometry* detected driver: pdftex
(/usr/share/texlive/texmf-dist/tex/latex/microtype/mt-cmr.cfg)
(/tmp/coursework-pdf-30ed69c7b-v7-kMKV6h/report.out)
(/tmp/coursework-pdf-30ed69c7b-v7-kMKV6h/report.out)
(/usr/share/texlive/texmf-dist/tex/latex/amsfonts/umsa.fd)
(/usr/share/texlive/texmf-dist/tex/latex/microtype/mt-msa.cfg)
(/usr/share/texlive/texmf-dist/tex/latex/amsfonts/umsb.fd)
(/usr/share/texlive/texmf-dist/tex/latex/microtype/mt-msb.cfg)
(/usr/share/texlive/texmf-dist/tex/latex/base/t1cmtt.fd)
(/tmp/coursework-pdf-30ed69c7b-v7-kMKV6h/report.toc [1{/var/lib/texmf/fonts/map
/pdftex/updmap/pdftex.map}])

LaTeX Warning: Citation `schulze2024clickhouse' on page 2 undefined on input li
ne 40.


LaTeX Warning: Citation `clickhouse_mergetree_docs' on page 2 undefined on inpu
t line 40.


LaTeX Warning: Citation `clickhouse_parts_docs' on page 2 undefined on input li
ne 40.

[2]
Underfull \hbox (badness 1117) in paragraph at lines 97--98
[]\T1/cmr/m/n/10.95 Keys ac-cept \T1/cmtt/m/n/10.95 UInt32\T1/cmr/m/n/10.95 , \
T1/cmtt/m/n/10.95 UInt64\T1/cmr/m/n/10.95 , \T1/cmtt/m/n/10.95 DateTime\T1/cmr/
m/n/10.95 , or \T1/cmtt/m/n/10.95 DateTime64\T1/cmr/m/n/10.95 . Val-ues ac-cept
 na-tive in-te-ger

Underfull \hbox (badness 1590) in paragraph at lines 97--98
\T1/cmr/m/n/10.95 and floating-point types and are con-verted to \T1/cmtt/m/n/1
0.95 Float64\T1/cmr/m/n/10.95 ; Dec-i-mal is not ac-cepted. Du-
[3]

LaTeX Warning: Citation `boxpierce1970' on page 4 undefined on input line 119.


LaTeX Warning: Citation `ljungbox1978' on page 4 undefined on input line 119.


LaTeX Warning: Citation `durbinwatson1950' on page 4 undefined on input line 12
6.


LaTeX Warning: Citation `durbinwatson1971' on page 4 undefined on input line 12
6.


LaTeX Warning: Citation `yule1927' on page 4 undefined on input line 130.

[4]

LaTeX Warning: Citation `dickeyfuller1979' on page 5 undefined on input line 15
1.


LaTeX Warning: Citation `saiddickey1984' on page 5 undefined on input line 151.



LaTeX Warning: Citation `statsmodels_adfuller_source' on page 5 undefined on in
put line 154.


LaTeX Warning: Citation `kpss1992' on page 5 undefined on input line 183.


LaTeX Warning: Citation `neweywest1987' on page 5 undefined on input line 183.

[5]

LaTeX Warning: Citation `welford1962' on page 6 undefined on input line 208.


LaTeX Warning: Citation `chan1983' on page 6 undefined on input line 208.

[6]
Underfull \hbox (badness 10000) in paragraph at lines 237--238
[]\T1/cmr/m/n/10.95 The Release-build pack-age $\T1/cmtt/m/n/10.95 evidence / r
elease -[] build -[] 20260916 -[] 1ad279671/$ \T1/cmr/m/n/10.95 ex-plic-itly

Underfull \hbox (badness 10000) in paragraph at lines 237--238
\T1/cmtt/m/n/10.95 088fb64046d6ae1d4e7f854f \T1/cmr/m/n/10.95 plus bi-nary SHA-
256 \T1/cmtt/m/n/10.95 c0753569f7b2c1abc1c41e3e5ae57c58

Underfull \hbox (badness 1122) in paragraph at lines 237--238
\T1/cmtt/m/n/10.95 34f4094bff879df64dac236eba33eac4\T1/cmr/m/n/10.95 . The ear-
lier three-diagnostic re-vi-sion is not used as
[7] [8] [9]
Underfull \hbox (badness 7595) in paragraph at lines 310--311
[]\T1/cmr/m/n/10.95 Checked-in ex-per-i-ment ev-i-dence is un-der $\T1/cmtt/m/n
/10.95 evidence / experiments / extension _ results _
(/tmp/coursework-pdf-30ed69c7b-v7-kMKV6h/report.bbl [10]) [11]
(/tmp/coursework-pdf-30ed69c7b-v7-kMKV6h/report.aux)

LaTeX Warning: There were undefined references.


LaTeX Warning: Label(s) may have changed. Rerun to get cross-references right.

 )
(see the transcript file for additional information) </home/user/.texlive2023/t
exmf-var/fonts/pk/ljfour/jknappen/ec/tcrm1095.600pk> </home/user/.texlive2023/t
exmf-var/fonts/pk/ljfour/jknappen/ec/ectt0900.600pk> </home/user/.texlive2023/t
exmf-var/fonts/pk/ljfour/jknappen/ec/ecbx1200.600pk> </home/user/.texlive2023/t
exmf-var/fonts/pk/ljfour/jknappen/ec/ectt1095.600pk> </home/user/.texlive2023/t
exmf-var/fonts/pk/ljfour/jknappen/ec/ecti1095.600pk> </home/user/.texlive2023/t
exmf-var/fonts/pk/ljfour/jknappen/ec/ecrm1095.600pk> </home/user/.texlive2023/t
exmf-var/fonts/pk/ljfour/jknappen/ec/ecbx1095.600pk> </home/user/.texlive2023/t
exmf-var/fonts/pk/ljfour/jknappen/ec/ecbx1440.600pk> </home/user/.texlive2023/t
exmf-var/fonts/pk/ljfour/jknappen/ec/ectt1000.600pk> </home/user/.texlive2023/t
exmf-var/fonts/pk/ljfour/jknappen/ec/ecrm1000.600pk> </home/user/.texlive2023/t
exmf-var/fonts/pk/ljfour/jknappen/ec/ecbx1000.600pk> </home/user/.texlive2023/t
exmf-var/fonts/pk/ljfour/jknappen/ec/ecrm1200.600pk> </home/user/.texlive2023/t
exmf-var/fonts/pk/ljfour/jknappen/ec/ecrm1728.600pk></usr/share/texlive/texmf-d
ist/fonts/type1/public/amsfonts/cm/cmex10.pfb></usr/share/texlive/texmf-dist/fo
nts/type1/public/amsfonts/cm/cmmi10.pfb></usr/share/texlive/texmf-dist/fonts/ty
pe1/public/amsfonts/cm/cmmi8.pfb></usr/share/texlive/texmf-dist/fonts/type1/pub
lic/amsfonts/cm/cmr10.pfb></usr/share/texlive/texmf-dist/fonts/type1/public/ams
fonts/cm/cmr8.pfb></usr/share/texlive/texmf-dist/fonts/type1/public/amsfonts/cm
/cmsy10.pfb></usr/share/texlive/texmf-dist/fonts/type1/public/amsfonts/cm/cmsy8
.pfb>
Output written on /tmp/coursework-pdf-30ed69c7b-v7-kMKV6h/report.pdf (11 pages,
 268056 bytes).
Transcript written on /tmp/coursework-pdf-30ed69c7b-v7-kMKV6h/report.log.
