ninja: Entering directory `/home/user/clickhouse-coursework/tmp/coursework/build-release'
[0/2] Re-checking globbed directories...
[1/545] Linking CXX executable src/unit_tests_time_series_diagnostics
[2/545] Building CXX object src/Columns/benchmarks/CMakeFiles/column_insert_many_from_objects.dir/benchmark_column_insert_many_from.cpp.o
[3/545] Building CXX object src/Columns/benchmarks/CMakeFiles/benchmark_compute_hash_into_objects.dir/benchmark_compute_hash_into.cpp.o
[4/545] Building CXX object src/Common/benchmarks/CMakeFiles/integer_hash_tables_and_hashes_objects.dir/integer_hash_tables_and_hashes.cpp.o
[5/545] Building CXX object src/Common/benchmarks/CMakeFiles/orc_string_dictionary_objects.dir/orc_string_dictionary.cpp.o
[6/545] Building CXX object src/Common/benchmarks/CMakeFiles/benchmark_radix_sort_objects.dir/radix_sort.cpp.o
[7/545] Building CXX object src/Common/benchmarks/CMakeFiles/wrap_in_nullable_objects.dir/wrap_in_nullable.cpp.o
[8/545] Building CXX object src/Common/benchmarks/CMakeFiles/profile_events_objects.dir/profile_events.cpp.o
[9/545] Building CXX object src/Common/benchmarks/CMakeFiles/benchmark_sched_getcpu_objects.dir/sched_getcpu.cpp.o
[10/545] Building CXX object src/Storages/benchmarks/CMakeFiles/benchmark_statistics_objects.dir/benchmark_statistics.cpp.o
[11/545] Building CXX object src/CMakeFiles/unit_tests_dbms.dir/Access/tests/gtest_access_changes_notifier.cpp.o
[12/545] Building CXX object src/CMakeFiles/unit_tests_dbms.dir/Access/tests/gtest_access_rights_implicit.cpp.o
[13/545] Building CXX object src/CMakeFiles/unit_tests_dbms.dir/Access/tests/gtest_access_rights_ops.cpp.o
[14/545] Building CXX object src/CMakeFiles/unit_tests_dbms.dir/Access/tests/gtest_authentication_data_grants.cpp.o
[15/545] Building CXX object src/CMakeFiles/unit_tests_dbms.dir/Access/tests/gtest_disk_access_storage.cpp.o
[16/545] Building CXX object src/CMakeFiles/unit_tests_dbms.dir/Access/tests/gtest_gss_buffer_to_string.cpp.o
[17/545] Building CXX object src/CMakeFiles/unit_tests_dbms.dir/Access/tests/gtest_replicated_access_storage.cpp.o
[18/545] Building CXX object src/CMakeFiles/unit_tests_dbms.dir/Access/tests/gtest_users_config_multiple_auth.cpp.o
[19/545] Building CXX object src/CMakeFiles/unit_tests_dbms.dir/Access/tests/gtest_valid_until_attach_encoding.cpp.o
[20/545] Building CXX object src/CMakeFiles/unit_tests_dbms.dir/AggregateFunctions/tests/gtest_crosstab.cpp.o
[21/545] Building CXX object src/CMakeFiles/unit_tests_dbms.dir/AggregateFunctions/tests/gtest_ddsketch.cpp.o
[22/545] Building CXX object src/CMakeFiles/unit_tests_dbms.dir/AggregateFunctions/tests/gtest_placeholder_state_compatibility.cpp.o
[23/545] Building CXX object src/CMakeFiles/unit_tests_dbms.dir/AggregateFunctions/tests/gtest_ranks.cpp.o
[24/545] Building CXX object src/CMakeFiles/unit_tests_dbms.dir/AggregateFunctions/tests/gtest_time_series_diagnostics.cpp.o
[25/545] Building CXX object src/CMakeFiles/unit_tests_dbms.dir/AggregateFunctions/tests/gtest_time_series_statistical_extensions.cpp.o
[26/545] Building CXX object src/CMakeFiles/unit_tests_dbms.dir/AggregateFunctions/tests/gtest_tuple_combinator_sparse_add.cpp.o
[27/545] Building CXX object src/CMakeFiles/unit_tests_dbms.dir/AggregateFunctions/tests/gtest_uniq_exact_parallel_merge.cpp.o
[28/545] Building CXX object src/CMakeFiles/unit_tests_dbms.dir/AggregateFunctions/tests/gtest_uniq_exact_shared_pointee_cow.cpp.o
[29/545] Building CXX object src/CMakeFiles/unit_tests_dbms.dir/Analyzer/Passes/tests/gtest_analyzer_utils.cpp.o
[30/545] Building CXX object src/CMakeFiles/unit_tests_dbms.dir/Analyzer/Passes/tests/gtest_like_perfect_affix_rewrite.cpp.o
[31/545] Building CXX object src/CMakeFiles/unit_tests_dbms.dir/Analyzer/Passes/tests/gtest_logical_expression_optimizer.cpp.o
[32/545] Building CXX object src/CMakeFiles/unit_tests_dbms.dir/Analyzer/tests/gtest_identifier.cpp.o
[33/545] Building CXX object src/CMakeFiles/unit_tests_dbms.dir/Analyzer/tests/gtest_query_tree_node.cpp.o
[34/545] Building CXX object src/CMakeFiles/unit_tests_dbms.dir/Backups/tests/gtest_backup_data_file_name_generator.cpp.o
[35/545] Building CXX object src/CMakeFiles/unit_tests_dbms.dir/Backups/tests/gtest_backup_entries.cpp.o
[36/545] Building CXX object src/CMakeFiles/unit_tests_dbms.dir/Backups/tests/gtest_backup_impl_lock_file.cpp.o
[37/545] Building CXX object src/CMakeFiles/unit_tests_dbms.dir/Backups/tests/gtest_backup_info.cpp.o
[38/545] Building CXX object src/CMakeFiles/unit_tests_dbms.dir/Backups/tests/gtest_backup_metadata_handler.cpp.o
[39/545] Building CXX object src/CMakeFiles/unit_tests_dbms.dir/Client/AI/tests/gtest_ai_client_factory.cpp.o
[40/545] Building CXX object src/CMakeFiles/unit_tests_dbms.dir/Client/AI/tests/gtest_ai_sql_generator.cpp.o
[41/545] Building CXX object src/CMakeFiles/unit_tests_dbms.dir/Client/tests/gtest_connection_parameters_secure_port.cpp.o
[42/545] Building CXX object src/CMakeFiles/unit_tests_dbms.dir/Client/tests/gtest_network_compression_settings.cpp.o
[43/545] Building CXX object src/CMakeFiles/unit_tests_dbms.dir/Client/tests/gtest_ports_probe.cpp.o
[44/545] Building CXX object src/CMakeFiles/unit_tests_dbms.dir/Client/tests/gtest_sanitize_untrusted_server_string.cpp.o
[45/545] Building CXX object src/CMakeFiles/unit_tests_dbms.dir/Client/tests/gtest_scale_interactive_delay_by_fanout.cpp.o
[46/545] Building CXX object src/CMakeFiles/unit_tests_dbms.dir/Client/tests/gtest_secondary_query_settings.cpp.o
[47/545] Building CXX object src/CMakeFiles/unit_tests_dbms.dir/Client/tests/gtest_silk_connection_pool.cpp.o
[48/545] Building CXX object src/CMakeFiles/unit_tests_dbms.dir/Client/tests/gtest_terminal_markdown_renderer.cpp.o
[49/545] Building CXX object src/CMakeFiles/unit_tests_dbms.dir/Columns/tests/gtest_column_aggregate_function.cpp.o
[50/545] Building CXX object src/CMakeFiles/unit_tests_dbms.dir/Columns/tests/gtest_column_array.cpp.o
[51/545] Building CXX object src/CMakeFiles/unit_tests_dbms.dir/Columns/tests/gtest_column_dump_structure.cpp.o
[52/545] Building CXX object src/CMakeFiles/unit_tests_dbms.dir/Columns/tests/gtest_column_dynamic.cpp.o
[53/545] Building CXX object src/CMakeFiles/unit_tests_dbms.dir/Columns/tests/gtest_column_object.cpp.o
[54/545] Building CXX object src/CMakeFiles/unit_tests_dbms.dir/Columns/tests/gtest_column_replicated.cpp.o
[55/545] Building CXX object src/CMakeFiles/unit_tests_dbms.dir/Columns/tests/gtest_column_sparse.cpp.o
[56/545] Building CXX object src/CMakeFiles/unit_tests_dbms.dir/Columns/tests/gtest_column_stable_permutation.cpp.o
[57/545] Building CXX object src/CMakeFiles/unit_tests_dbms.dir/Columns/tests/gtest_column_string.cpp.o
[58/545] Building CXX object src/CMakeFiles/unit_tests_dbms.dir/Columns/tests/gtest_column_tuple.cpp.o
[59/545] Building CXX object src/CMakeFiles/unit_tests_dbms.dir/Columns/tests/gtest_column_unique.cpp.o
[60/545] Building CXX object src/CMakeFiles/unit_tests_dbms.dir/Columns/tests/gtest_column_variant.cpp.o
[61/545] Building CXX object src/CMakeFiles/unit_tests_dbms.dir/Columns/tests/gtest_column_vector.cpp.o
[62/545] Building CXX object src/CMakeFiles/unit_tests_dbms.dir/Columns/tests/gtest_compute_hash_into.cpp.o
[63/545] Building CXX object src/CMakeFiles/unit_tests_dbms.dir/Columns/tests/gtest_get_equal_range_end_assume_sorted.cpp.o
[64/545] Building CXX object src/CMakeFiles/unit_tests_dbms.dir/Columns/tests/gtest_low_cardinality.cpp.o
[65/545] Building CXX object src/CMakeFiles/unit_tests_dbms.dir/Columns/tests/gtest_validate_column_type.cpp.o
[66/545] Building CXX object src/CMakeFiles/unit_tests_dbms.dir/Common/Scheduler/Nodes/tests/gtest_event_queue.cpp.o
[67/545] Building CXX object src/CMakeFiles/unit_tests_dbms.dir/Common/Scheduler/Nodes/tests/gtest_fair_policy.cpp.o
[68/545] Building CXX object src/CMakeFiles/unit_tests_dbms.dir/Common/Scheduler/Nodes/tests/gtest_priority_policy.cpp.o
[69/545] Building CXX object src/CMakeFiles/unit_tests_dbms.dir/Common/Scheduler/Nodes/tests/gtest_space_shared_scheduler.cpp.o
[70/545] Building CXX object src/CMakeFiles/unit_tests_dbms.dir/Common/Scheduler/Nodes/tests/gtest_throttler_constraint.cpp.o
[71/545] Building CXX object src/CMakeFiles/unit_tests_dbms.dir/Common/Scheduler/Nodes/tests/gtest_time_shared_scheduler.cpp.o
[72/545] Building CXX object src/CMakeFiles/unit_tests_dbms.dir/Common/Scheduler/Nodes/tests/gtest_workload_node.cpp.o
[73/545] Building CXX object src/CMakeFiles/unit_tests_dbms.dir/Common/Scheduler/Nodes/tests/gtest_workload_resource_manager.cpp.o
[74/545] Building CXX object src/CMakeFiles/unit_tests_dbms.dir/Common/ZooKeeper/tests/gtest_testkeeper.cpp.o
[75/545] Building CXX object src/CMakeFiles/unit_tests_dbms.dir/Common/ZooKeeper/tests/gtest_zookeeper.cpp.o
[76/545] Building CXX object src/CMakeFiles/unit_tests_dbms.dir/Common/ZooKeeper/tests/gtest_zookeeper_args.cpp.o
[77/545] Building CXX object src/CMakeFiles/unit_tests_dbms.dir/Common/mysqlxx/tests/gtest_pool_entry_name.cpp.o
[78/545] Building CXX object src/CMakeFiles/unit_tests_dbms.dir/Common/mysqlxx/tests/gtest_ssl_params.cpp.o
[79/545] Building CXX object src/CMakeFiles/unit_tests_dbms.dir/Common/tests/gtest_DateLUTImpl.cpp.o
[80/545] Building CXX object src/CMakeFiles/unit_tests_dbms.dir/Common/tests/gtest_action_blocker.cpp.o
[81/545] Building CXX object src/CMakeFiles/unit_tests_dbms.dir/Common/tests/gtest_aggregated_metrics.cpp.o
[82/545] Building CXX object src/CMakeFiles/unit_tests_dbms.dir/Common/tests/gtest_allocation_interceptors.cpp.o
[83/545] Building CXX object src/CMakeFiles/unit_tests_dbms.dir/Common/tests/gtest_arena.cpp.o
[84/545] Building CXX object src/CMakeFiles/unit_tests_dbms.dir/Common/tests/gtest_async_loader.cpp.o
[85/545] Building CXX object src/CMakeFiles/unit_tests_dbms.dir/Common/tests/gtest_async_metrics_key_values_mode.cpp.o
[86/545] Building CXX object src/CMakeFiles/unit_tests_dbms.dir/Common/tests/gtest_atomic_stopwatch.cpp.o
[87/545] Building CXX object src/CMakeFiles/unit_tests_dbms.dir/Common/tests/gtest_base32.cpp.o
[88/545] Building CXX object src/CMakeFiles/unit_tests_dbms.dir/Common/tests/gtest_base58.cpp.o
[89/545] Building CXX object src/CMakeFiles/unit_tests_dbms.dir/Common/tests/gtest_base_json.cpp.o
[90/545] Building CXX object src/CMakeFiles/unit_tests_dbms.dir/Common/tests/gtest_bit_helpers.cpp.o
[91/545] Building CXX object src/CMakeFiles/unit_tests_dbms.dir/Common/tests/gtest_bit_packed_string_array.cpp.o
[92/545] Building CXX object src/CMakeFiles/unit_tests_dbms.dir/Common/tests/gtest_bit_packed_uint64_array.cpp.o
[93/545] Building CXX object src/CMakeFiles/unit_tests_dbms.dir/Common/tests/gtest_borrowed_thread_group_lifetime.cpp.o
[94/545] Building CXX object src/CMakeFiles/unit_tests_dbms.dir/Common/tests/gtest_buffered_stream_short_write.cpp.o
[95/545] Building CXX object src/CMakeFiles/unit_tests_dbms.dir/Common/tests/gtest_cgroups_reader.cpp.o
[96/545] Building CXX object src/CMakeFiles/unit_tests_dbms.dir/Common/tests/gtest_concurrency_control.cpp.o
[97/545] Building CXX object src/CMakeFiles/unit_tests_dbms.dir/Common/tests/gtest_config_dot.cpp.o
[98/545] Building CXX object src/CMakeFiles/unit_tests_dbms.dir/Common/tests/gtest_config_helper.cpp.o
[99/545] Building CXX object src/CMakeFiles/unit_tests_dbms.dir/Common/tests/gtest_config_host_validation.cpp.o
[100/545] Building CXX object src/CMakeFiles/unit_tests_dbms.dir/Common/tests/gtest_config_processor.cpp.o
[101/545] Building CXX object src/CMakeFiles/unit_tests_dbms.dir/Common/tests/gtest_connection_pool.cpp.o
[102/545] Building CXX object src/CMakeFiles/unit_tests_dbms.dir/Common/tests/gtest_dns_reverse_resolve.cpp.o
[103/545] Building CXX object src/CMakeFiles/unit_tests_dbms.dir/Common/tests/gtest_dom_parser_handler_exception.cpp.o
[104/545] Building CXX object src/CMakeFiles/unit_tests_dbms.dir/Common/tests/gtest_event_notifier.cpp.o
[105/545] Building CXX object src/CMakeFiles/unit_tests_dbms.dir/Common/tests/gtest_event_rate_meter.cpp.o
[106/545] Building CXX object src/CMakeFiles/unit_tests_dbms.dir/Common/tests/gtest_exception.cpp.o
[107/545] Building CXX object src/CMakeFiles/unit_tests_dbms.dir/Common/tests/gtest_execution_status.cpp.o
[108/545] Building CXX object src/CMakeFiles/unit_tests_dbms.dir/Common/tests/gtest_field_accurate_comparison.cpp.o
[109/545] Building CXX object src/CMakeFiles/unit_tests_dbms.dir/Common/tests/gtest_find_symbols.cpp.o
[110/545] Building CXX object src/CMakeFiles/unit_tests_dbms.dir/Common/tests/gtest_float_utils.cpp.o
[111/545] Building CXX object src/CMakeFiles/unit_tests_dbms.dir/Common/tests/gtest_generate_random_by_regexp.cpp.o
[112/545] Building CXX object src/CMakeFiles/unit_tests_dbms.dir/Common/tests/gtest_getMultipleValuesFromConfig.cpp.o
[113/545] Building CXX object src/CMakeFiles/unit_tests_dbms.dir/Common/tests/gtest_get_priority_for_load_balancing.cpp.o
[114/545] Building CXX object src/CMakeFiles/unit_tests_dbms.dir/Common/tests/gtest_global_context.cpp.o
[115/545] Building CXX object src/CMakeFiles/unit_tests_dbms.dir/Common/tests/gtest_hash_table.cpp.o
[116/545] Building CXX object src/CMakeFiles/unit_tests_dbms.dir/Common/tests/gtest_hilbert_utils.cpp.o
[117/545] Building CXX object src/CMakeFiles/unit_tests_dbms.dir/Common/tests/gtest_histogram_metrics.cpp.o
[118/545] Building CXX object src/CMakeFiles/unit_tests_dbms.dir/Common/tests/gtest_http_chunked_stream.cpp.o
[119/545] Building CXX object src/CMakeFiles/unit_tests_dbms.dir/Common/tests/gtest_http_field_less.cpp.o
[120/545] Building CXX object src/CMakeFiles/unit_tests_dbms.dir/Common/tests/gtest_http_fixed_length_stream.cpp.o
[121/545] Building CXX object src/CMakeFiles/unit_tests_dbms.dir/Common/tests/gtest_http_header_filter.cpp.o
[122/545] Building CXX object src/CMakeFiles/unit_tests_dbms.dir/Common/tests/gtest_interval_tree.cpp.o
[123/545] Building CXX object src/CMakeFiles/unit_tests_dbms.dir/Common/tests/gtest_itoa.cpp.o
[124/545] Building CXX object src/CMakeFiles/unit_tests_dbms.dir/Common/tests/gtest_jemalloc_verify_setup.cpp.o
[125/545] Building CXX object src/CMakeFiles/unit_tests_dbms.dir/Common/tests/gtest_layered_configuration.cpp.o
[126/545] Building CXX object src/CMakeFiles/unit_tests_dbms.dir/Common/tests/gtest_lloyd_max_quantizer.cpp.o
[127/545] Building CXX object src/CMakeFiles/unit_tests_dbms.dir/Common/tests/gtest_local_address.cpp.o
[128/545] Building CXX object src/CMakeFiles/unit_tests_dbms.dir/Common/tests/gtest_local_date_time_comparison.cpp.o
[129/545] Building CXX object src/CMakeFiles/unit_tests_dbms.dir/Common/tests/gtest_log.cpp.o
[130/545] Building CXX object src/CMakeFiles/unit_tests_dbms.dir/Common/tests/gtest_log_file_recovery.cpp.o
[131/545] Building CXX object src/CMakeFiles/unit_tests_dbms.dir/Common/tests/gtest_lru_cache.cpp.o
[132/545] Building CXX object src/CMakeFiles/unit_tests_dbms.dir/Common/tests/gtest_lru_resource_cache.cpp.o
[133/545] Building CXX object src/CMakeFiles/unit_tests_dbms.dir/Common/tests/gtest_lsan.cpp.o
[134/545] Building CXX object src/CMakeFiles/unit_tests_dbms.dir/Common/tests/gtest_main.cpp.o
[135/545] Building CXX object src/CMakeFiles/unit_tests_dbms.dir/Common/tests/gtest_makeRegexpPatternFromGlobs.cpp.o
[136/545] Building CXX object src/CMakeFiles/unit_tests_dbms.dir/Common/tests/gtest_mask_sensitive_query_parameters.cpp.o
[137/545] Building CXX object src/CMakeFiles/unit_tests_dbms.dir/Common/tests/gtest_mask_uri_password.cpp.o
[138/545] Building CXX object src/CMakeFiles/unit_tests_dbms.dir/Common/tests/gtest_memory_pressure_monitor.cpp.o
[139/545] Building CXX object src/CMakeFiles/unit_tests_dbms.dir/Common/tests/gtest_memory_tracker.cpp.o
[140/545] Building CXX object src/CMakeFiles/unit_tests_dbms.dir/Common/tests/gtest_memory_tracker_flush_profile_deny.cpp.o
[141/545] Building CXX object src/CMakeFiles/unit_tests_dbms.dir/Common/tests/gtest_memory_tracker_parent.cpp.o
[142/545] Building CXX object src/CMakeFiles/unit_tests_dbms.dir/Common/tests/gtest_merge_configs.cpp.o
[143/545] Building CXX object src/CMakeFiles/unit_tests_dbms.dir/Common/tests/gtest_morton_utils.cpp.o
[144/545] Building CXX object src/CMakeFiles/unit_tests_dbms.dir/Common/tests/gtest_named_collections.cpp.o
[145/545] Building CXX object src/CMakeFiles/unit_tests_dbms.dir/Common/tests/gtest_optimize_re.cpp.o
[146/545] Building CXX object src/CMakeFiles/unit_tests_dbms.dir/Common/tests/gtest_os_thread_nice_value.cpp.o
[147/545] Building CXX object src/CMakeFiles/unit_tests_dbms.dir/Common/tests/gtest_overcommit_tracker.cpp.o
[148/545] Building CXX object src/CMakeFiles/unit_tests_dbms.dir/Common/tests/gtest_packed_string_ref.cpp.o
[149/545] Building CXX object src/CMakeFiles/unit_tests_dbms.dir/Common/tests/gtest_page_cache_autoresize.cpp.o
[150/545] Building CXX object src/CMakeFiles/unit_tests_dbms.dir/Common/tests/gtest_parse_remote_description.cpp.o
[151/545] Building CXX object src/CMakeFiles/unit_tests_dbms.dir/Common/tests/gtest_per_cpu_memory.cpp.o
[152/545] Building CXX object src/CMakeFiles/unit_tests_dbms.dir/Common/tests/gtest_poco_json.cpp.o
[153/545] Building CXX object src/CMakeFiles/unit_tests_dbms.dir/Common/tests/gtest_poco_list_map.cpp.o
[154/545] Building CXX object src/CMakeFiles/unit_tests_dbms.dir/Common/tests/gtest_poco_no_proxy_regex.cpp.o
[155/545] Building CXX object src/CMakeFiles/unit_tests_dbms.dir/Common/tests/gtest_pod_array.cpp.o
[156/545] Building CXX object src/CMakeFiles/unit_tests_dbms.dir/Common/tests/gtest_poolbase.cpp.o
[157/545] Building CXX object src/CMakeFiles/unit_tests_dbms.dir/Common/tests/gtest_profile_events.cpp.o
[158/545] Building CXX object src/CMakeFiles/unit_tests_dbms.dir/Common/tests/gtest_proxy_configuration_resolver_provider.cpp.o
[159/545] Building CXX object src/CMakeFiles/unit_tests_dbms.dir/Common/tests/gtest_proxy_environment_configuration.cpp.o
[160/545] Building CXX object src/CMakeFiles/unit_tests_dbms.dir/Common/tests/gtest_proxy_list_configuration_resolver.cpp.o
[161/545] Building CXX object src/CMakeFiles/unit_tests_dbms.dir/Common/tests/gtest_proxy_remote_configuration_resolver.cpp.o
[162/545] Building CXX object src/CMakeFiles/unit_tests_dbms.dir/Common/tests/gtest_query_fuzzer_execute_as.cpp.o
[163/545] Building CXX object src/CMakeFiles/unit_tests_dbms.dir/Common/tests/gtest_query_fuzzer_window_list.cpp.o
[164/545] Building CXX object src/CMakeFiles/unit_tests_dbms.dir/Common/tests/gtest_quote_string.cpp.o
[165/545] Building CXX object src/CMakeFiles/unit_tests_dbms.dir/Common/tests/gtest_regexp_utils.cpp.o
[166/545] Building CXX object src/CMakeFiles/unit_tests_dbms.dir/Common/tests/gtest_resolve_pool.cpp.o
[167/545] Building CXX object src/CMakeFiles/unit_tests_dbms.dir/Common/tests/gtest_rw_lock.cpp.o
[168/545] Building CXX object src/CMakeFiles/unit_tests_dbms.dir/Common/tests/gtest_saturated_duration.cpp.o
[169/545] Building CXX object src/CMakeFiles/unit_tests_dbms.dir/Common/tests/gtest_sensitive_data_masker.cpp.o
[170/545] Building CXX object src/CMakeFiles/unit_tests_dbms.dir/Common/tests/gtest_shell_command.cpp.o
[171/545] Building CXX object src/CMakeFiles/unit_tests_dbms.dir/Common/tests/gtest_signal_handler_alt_stack.cpp.o
[172/545] Building CXX object src/CMakeFiles/unit_tests_dbms.dir/Common/tests/gtest_silk_fiber_scheduler.cpp.o
[173/545] Building CXX object src/CMakeFiles/unit_tests_dbms.dir/Common/tests/gtest_silk_runtime_counters.cpp.o
[174/545] Building CXX object src/CMakeFiles/unit_tests_dbms.dir/Common/tests/gtest_sip_hash.cpp.o
[175/545] Building CXX object src/CMakeFiles/unit_tests_dbms.dir/Common/tests/gtest_slru_cache.cpp.o
[176/545] Building CXX object src/CMakeFiles/unit_tests_dbms.dir/Common/tests/gtest_sort.cpp.o
[177/545] Building CXX object src/CMakeFiles/unit_tests_dbms.dir/Common/tests/gtest_space_saving.cpp.o
[178/545] Building CXX object src/CMakeFiles/unit_tests_dbms.dir/Common/tests/gtest_ssl_send_timeout.cpp.o
[179/545] Building CXX object src/CMakeFiles/unit_tests_dbms.dir/Common/tests/gtest_stack_trace_collapse_names.cpp.o
[180/545] Building CXX object src/CMakeFiles/unit_tests_dbms.dir/Common/tests/gtest_string_hash_table_supplied_hash.cpp.o
[181/545] Building CXX object src/CMakeFiles/unit_tests_dbms.dir/Common/tests/gtest_string_view_hash.cpp.o
[182/545] Building CXX object src/CMakeFiles/unit_tests_dbms.dir/Common/tests/gtest_strong_typedef.cpp.o
[183/545] Building CXX object src/CMakeFiles/unit_tests_dbms.dir/Common/tests/gtest_thread_fuzzer.cpp.o
[184/545] Building CXX object src/CMakeFiles/unit_tests_dbms.dir/Common/tests/gtest_thread_group_switcher.cpp.o
[185/545] Building CXX object src/CMakeFiles/unit_tests_dbms.dir/Common/tests/gtest_thread_pool_callback_runner_shutdown.cpp.o
[186/545] Building CXX object src/CMakeFiles/unit_tests_dbms.dir/Common/tests/gtest_thread_pool_concurrent_wait.cpp.o
[187/545] Building CXX object src/CMakeFiles/unit_tests_dbms.dir/Common/tests/gtest_thread_pool_global_full.cpp.o
[188/545] Building CXX object src/CMakeFiles/unit_tests_dbms.dir/Common/tests/gtest_thread_pool_huge_queue_size.cpp.o
[189/545] Building CXX object src/CMakeFiles/unit_tests_dbms.dir/Common/tests/gtest_thread_pool_lifo.cpp.o
[190/545] Building CXX object src/CMakeFiles/unit_tests_dbms.dir/Common/tests/gtest_thread_pool_limit.cpp.o
[191/545] Building CXX object src/CMakeFiles/unit_tests_dbms.dir/Common/tests/gtest_thread_pool_loop.cpp.o
[192/545] Building CXX object src/CMakeFiles/unit_tests_dbms.dir/Common/tests/gtest_thread_pool_schedule_exception.cpp.o
[193/545] Building CXX object src/CMakeFiles/unit_tests_dbms.dir/Common/tests/gtest_thread_pool_task_tracker.cpp.o
[194/545] Building CXX object src/CMakeFiles/unit_tests_dbms.dir/Common/tests/gtest_threading.cpp.o
[195/545] Building CXX object src/CMakeFiles/unit_tests_dbms.dir/Common/tests/gtest_tmp_replace_table_name.cpp.o
[196/545] Building CXX object src/CMakeFiles/unit_tests_dbms.dir/Common/tests/gtest_udf_process_registry.cpp.o
[197/545] Building CXX object src/CMakeFiles/unit_tests_dbms.dir/Common/tests/gtest_udf_procfs.cpp.o
[198/545] Building CXX object src/CMakeFiles/unit_tests_dbms.dir/Common/tests/gtest_unescapeForFileName.cpp.o
[199/545] Building CXX object src/CMakeFiles/unit_tests_dbms.dir/Common/tests/gtest_version_number.cpp.o
[200/545] Building CXX object src/CMakeFiles/unit_tests_dbms.dir/Common/tests/gtest_weighted_random_sampling.cpp.o
[201/545] Building CXX object src/CMakeFiles/unit_tests_dbms.dir/Common/tests/gtest_wide_integer.cpp.o
[202/545] Building CXX object src/CMakeFiles/unit_tests_dbms.dir/Common/tests/gtest_yaml_parser.cpp.o
[203/545] Building CXX object src/CMakeFiles/unit_tests_dbms.dir/Compression/tests/gtest_compressed_read_buffer_from_file.cpp.o
[204/545] Building CXX object src/CMakeFiles/unit_tests_dbms.dir/Compression/tests/gtest_compressionCodec.cpp.o
[205/545] Building CXX object src/CMakeFiles/unit_tests_dbms.dir/Compression/tests/gtest_compression_codec_adaptive.cpp.o
[206/545] Building CXX object src/CMakeFiles/unit_tests_dbms.dir/Compression/tests/gtest_ffor.cpp.o
[207/545] Building CXX object src/CMakeFiles/unit_tests_dbms.dir/Compression/tests/gtest_lz4_decompress_branchless.cpp.o
[208/545] Building CXX object src/CMakeFiles/unit_tests_dbms.dir/Compression/tests/gtest_lz4_decompress_literal_bounds.cpp.o
[209/545] Building CXX object src/CMakeFiles/unit_tests_dbms.dir/Compression/tests/gtest_mixed_codec_append.cpp.o
[210/545] Building CXX object src/CMakeFiles/unit_tests_dbms.dir/Compression/tests/gtest_pfor.cpp.o
[211/545] Building CXX object src/CMakeFiles/unit_tests_dbms.dir/Coordination/Storage/tests/gtest_keeper_storage.cpp.o
[212/545] Building CXX object src/CMakeFiles/unit_tests_dbms.dir/Coordination/tests/gtest_compact_children_set.cpp.o
[213/545] Building CXX object src/CMakeFiles/unit_tests_dbms.dir/Coordination/tests/gtest_coordination.cpp.o
[214/545] Building CXX object src/CMakeFiles/unit_tests_dbms.dir/Coordination/tests/gtest_coordination_changelog.cpp.o
[215/545] Building CXX object src/CMakeFiles/unit_tests_dbms.dir/Coordination/tests/gtest_coordination_common.cpp.o
[216/545] Building CXX object src/CMakeFiles/unit_tests_dbms.dir/Coordination/tests/gtest_coordination_disk_move.cpp.o
[217/545] Building CXX object src/CMakeFiles/unit_tests_dbms.dir/Coordination/tests/gtest_coordination_snapshot.cpp.o
[218/545] Building CXX object src/CMakeFiles/unit_tests_dbms.dir/Coordination/tests/gtest_coordination_storage.cpp.o
[219/545] Building CXX object src/CMakeFiles/unit_tests_dbms.dir/Coordination/tests/gtest_keeper_asynchronous_metrics.cpp.o
[220/545] Building CXX object src/CMakeFiles/unit_tests_dbms.dir/Core/Streaming/tests/gtest_cursor_tree.cpp.o
[221/545] Building CXX object src/CMakeFiles/unit_tests_dbms.dir/Core/tests/gtest_BackgroundSchedulePool.cpp.o
[222/545] Building CXX object src/CMakeFiles/unit_tests_dbms.dir/Core/tests/gtest_DecimalFunctions.cpp.o
[223/545] Building CXX object src/CMakeFiles/unit_tests_dbms.dir/Core/tests/gtest_accurate_comparison.cpp.o
[224/545] Building CXX object src/CMakeFiles/unit_tests_dbms.dir/Core/tests/gtest_block_map_aggregate_state_constant.cpp.o
[225/545] Building CXX object src/CMakeFiles/unit_tests_dbms.dir/Core/tests/gtest_block_nested_sparse_structure.cpp.o
[226/545] Building CXX object src/CMakeFiles/unit_tests_dbms.dir/Core/tests/gtest_block_variant_aggregate_state_constant.cpp.o
[227/545] Building CXX object src/CMakeFiles/unit_tests_dbms.dir/Core/tests/gtest_field.cpp.o
[228/545] Building CXX object src/CMakeFiles/unit_tests_dbms.dir/Core/tests/gtest_fields_binary_enciding.cpp.o
[229/545] Building CXX object src/CMakeFiles/unit_tests_dbms.dir/Core/tests/gtest_insertPostgreSQLValue.cpp.o
[230/545] Building CXX object src/CMakeFiles/unit_tests_dbms.dir/Core/tests/gtest_multienum.cpp.o
[231/545] Building CXX object src/CMakeFiles/unit_tests_dbms.dir/Core/tests/gtest_mysql_read_length_encoded_string.cpp.o
[232/545] Building CXX object src/CMakeFiles/unit_tests_dbms.dir/Core/tests/gtest_postgres_transient_connection_error.cpp.o
[233/545] Building CXX object src/CMakeFiles/unit_tests_dbms.dir/Core/tests/gtest_postgresql_protocol.cpp.o
[234/545] Building CXX object src/CMakeFiles/unit_tests_dbms.dir/Core/tests/gtest_protocol_packet_to_string.cpp.o
[235/545] Building CXX object src/CMakeFiles/unit_tests_dbms.dir/Core/tests/gtest_settings.cpp.o
[236/545] Building CXX object src/CMakeFiles/unit_tests_dbms.dir/Core/tests/gtest_settings_quirks.cpp.o
[237/545] Building CXX object src/CMakeFiles/unit_tests_dbms.dir/DataTypes/Serializations/tests/gtest_map_bucketed_serialization.cpp.o
[238/545] Building CXX object src/CMakeFiles/unit_tests_dbms.dir/DataTypes/Serializations/tests/gtest_object_serialization.cpp.o
[239/545] Building CXX object src/CMakeFiles/unit_tests_dbms.dir/DataTypes/Serializations/tests/gtest_qbit_serialization.cpp.o
[240/545] Building CXX object src/CMakeFiles/unit_tests_dbms.dir/DataTypes/Serializations/tests/gtest_quantized_vector_serialization.cpp.o
[241/545] Building CXX object src/CMakeFiles/unit_tests_dbms.dir/DataTypes/Serializations/tests/gtest_serialization_array_offsets.cpp.o
[242/545] Building CXX object src/CMakeFiles/unit_tests_dbms.dir/DataTypes/Serializations/tests/gtest_serialization_info.cpp.o
[243/545] Building CXX object src/CMakeFiles/unit_tests_dbms.dir/DataTypes/Serializations/tests/gtest_serialization_try_deserialize.cpp.o
[244/545] Building CXX object src/CMakeFiles/unit_tests_dbms.dir/DataTypes/Serializations/tests/gtest_sparse_serialization.cpp.o
[245/545] Building CXX object src/CMakeFiles/unit_tests_dbms.dir/DataTypes/Serializations/tests/gtest_string_serialization.cpp.o
[246/545] Building CXX object src/CMakeFiles/unit_tests_dbms.dir/DataTypes/tests/gtest_DataTypeDynamic_create.cpp.o
[247/545] Building CXX object src/CMakeFiles/unit_tests_dbms.dir/DataTypes/tests/gtest_DataTypeFactory_tryGet.cpp.o
[248/545] Building CXX object src/CMakeFiles/unit_tests_dbms.dir/DataTypes/tests/gtest_DataTypeObject_create.cpp.o
[249/545] Building CXX object src/CMakeFiles/unit_tests_dbms.dir/DataTypes/tests/gtest_DataType_deserializeAsText.cpp.o
[250/545] Building CXX object src/CMakeFiles/unit_tests_dbms.dir/DataTypes/tests/gtest_IDataType_getSubcolumn_const.cpp.o
[251/545] Building CXX object src/CMakeFiles/unit_tests_dbms.dir/DataTypes/tests/gtest_NestedUtils.cpp.o
[252/545] Building CXX object src/CMakeFiles/unit_tests_dbms.dir/DataTypes/tests/gtest_aggregate_function_version_race.cpp.o
[253/545] Building CXX object src/CMakeFiles/unit_tests_dbms.dir/DataTypes/tests/gtest_dataTypeToAST.cpp.o
[254/545] Building CXX object src/CMakeFiles/unit_tests_dbms.dir/DataTypes/tests/gtest_data_type_get_common_type.cpp.o
[255/545] Building CXX object src/CMakeFiles/unit_tests_dbms.dir/DataTypes/tests/gtest_data_types_binary_encoding.cpp.o
[256/545] Building CXX object src/CMakeFiles/unit_tests_dbms.dir/DataTypes/tests/gtest_data_types_cache.cpp.o
[257/545] Building CXX object src/CMakeFiles/unit_tests_dbms.dir/DataTypes/tests/gtest_datatypetuple_createcolumn_detached.cpp.o
[258/545] Building CXX object src/CMakeFiles/unit_tests_dbms.dir/DataTypes/tests/gtest_split_name.cpp.o
[259/545] Building CXX object src/CMakeFiles/unit_tests_dbms.dir/DataTypes/tests/gtest_yt_schema.cpp.o
[260/545] Building CXX object src/CMakeFiles/unit_tests_dbms.dir/Databases/DataLake/tests/gtest_azure_abfss_parsing.cpp.o
[261/545] Building CXX object src/CMakeFiles/unit_tests_dbms.dir/Databases/DataLake/tests/gtest_gcs_credentials.cpp.o
[262/545] Building CXX object src/CMakeFiles/unit_tests_dbms.dir/Databases/DataLake/tests/gtest_glue_timestamp_type.cpp.o
[263/545] Building CXX object src/CMakeFiles/unit_tests_dbms.dir/Databases/DataLake/tests/gtest_rest_catalog.cpp.o
[264/545] Building CXX object src/CMakeFiles/unit_tests_dbms.dir/Databases/DataLake/tests/gtest_static_storage_credentials.cpp.o
[265/545] Building CXX object src/CMakeFiles/unit_tests_dbms.dir/Databases/MySQL/tests/gtest_mysql_tolerated_connection_failure.cpp.o
[266/545] Building CXX object src/CMakeFiles/unit_tests_dbms.dir/Databases/tests/gtest_database_overlay.cpp.o
[267/545] Building CXX object src/CMakeFiles/unit_tests_dbms.dir/Databases/tests/gtest_tables_dependency_graph.cpp.o
[268/545] Building CXX object src/CMakeFiles/unit_tests_dbms.dir/Dictionaries/tests/gtest_dictionary_configuration.cpp.o
[269/545] Building CXX object src/CMakeFiles/unit_tests_dbms.dir/Dictionaries/tests/gtest_dictionary_helpers_nullable.cpp.o
[270/545] Building CXX object src/CMakeFiles/unit_tests_dbms.dir/Dictionaries/tests/gtest_dictionary_ssd_cache_dictionary_storage.cpp.o
[271/545] Building CXX object src/CMakeFiles/unit_tests_dbms.dir/Dictionaries/tests/gtest_external_query_builder.cpp.o
[272/545] Building CXX object src/CMakeFiles/unit_tests_dbms.dir/Dictionaries/tests/gtest_hierarchy_dictionaries_utils.cpp.o
[273/545] Building CXX object src/CMakeFiles/unit_tests_dbms.dir/Disks/DiskObjectStorage/ObjectStorages/tests/gtest_object_storage_iterator_async.cpp.o
[274/545] Building CXX object src/CMakeFiles/unit_tests_dbms.dir/Disks/IO/tests/gtest_adls_gen2_url.cpp.o
[275/545] Building CXX object src/CMakeFiles/unit_tests_dbms.dir/Disks/tests/gtest_asynchronous_bounded_read_buffer.cpp.o
[276/545] Building CXX object src/CMakeFiles/unit_tests_dbms.dir/Disks/tests/gtest_azure_sdk.cpp.o
[277/545] Building CXX object src/CMakeFiles/unit_tests_dbms.dir/Disks/tests/gtest_cascade_and_memory_write_buffer.cpp.o
[278/545] Building CXX object src/CMakeFiles/unit_tests_dbms.dir/Disks/tests/gtest_disk.cpp.o
[279/545] Building CXX object src/CMakeFiles/unit_tests_dbms.dir/Disks/tests/gtest_disk_encrypted.cpp.o
[280/545] Building CXX object src/CMakeFiles/unit_tests_dbms.dir/Disks/tests/gtest_disk_hdfs.cpp.o
[281/545] Building CXX object src/CMakeFiles/unit_tests_dbms.dir/Disks/tests/gtest_disk_object_storage.cpp.o
[282/545] Building CXX object src/CMakeFiles/unit_tests_dbms.dir/Disks/tests/gtest_hdfs_object_storage.cpp.o
[283/545] Building CXX object src/CMakeFiles/unit_tests_dbms.dir/Disks/tests/gtest_local_object_storage.cpp.o
[284/545] Building CXX object src/CMakeFiles/unit_tests_dbms.dir/Disks/tests/gtest_metadata_local_disk.cpp.o
[285/545] Building CXX object src/CMakeFiles/unit_tests_dbms.dir/Disks/tests/gtest_metadata_plain_disk.cpp.o
[286/545] Building CXX object src/CMakeFiles/unit_tests_dbms.dir/Disks/tests/gtest_metadata_plain_rewritable_disk.cpp.o
[287/545] Building CXX object src/CMakeFiles/unit_tests_dbms.dir/Disks/tests/gtest_metadata_storage_from_memory.cpp.o
[288/545] Building CXX object src/CMakeFiles/unit_tests_dbms.dir/Disks/tests/gtest_normalized_path.cpp.o
[289/545] Building CXX object src/CMakeFiles/unit_tests_dbms.dir/Disks/tests/gtest_path_functions.cpp.o
[290/545] Building CXX object src/CMakeFiles/unit_tests_dbms.dir/Disks/tests/gtest_web_index_origin_comparison.cpp.o
[291/545] Building CXX object src/CMakeFiles/unit_tests_dbms.dir/Disks/tests/gtest_write_buffer_inline_or_blob.cpp.o
[292/545] Building CXX object src/CMakeFiles/unit_tests_dbms.dir/Formats/tests/gtest_buffers_sparse.cpp.o
[293/545] Building CXX object src/CMakeFiles/unit_tests_dbms.dir/Formats/tests/gtest_marks.cpp.o
[294/545] Building CXX object src/CMakeFiles/unit_tests_dbms.dir/Formats/tests/gtest_native_string_size_stream.cpp.o
[295/545] Building CXX object src/CMakeFiles/unit_tests_dbms.dir/Formats/tests/gtest_shared_init_exception_aliasing.cpp.o
[296/545] Building CXX object src/CMakeFiles/unit_tests_dbms.dir/Functions/keyvaluepair/tests/gtest_escaping_key_value_pair_extractor.cpp.o
[297/545] Building CXX object src/CMakeFiles/unit_tests_dbms.dir/Functions/keyvaluepair/tests/gtest_extractKeyValuePairs.cpp.o
[298/545] Building CXX object src/CMakeFiles/unit_tests_dbms.dir/Functions/keyvaluepair/tests/gtest_inline_escaping_key_state_handler.cpp.o
[299/545] Building CXX object src/CMakeFiles/unit_tests_dbms.dir/Functions/keyvaluepair/tests/gtest_inline_escaping_value_state_handler.cpp.o
[300/545] Building CXX object src/CMakeFiles/unit_tests_dbms.dir/Functions/keyvaluepair/tests/gtest_no_escaping_key_state_handler.cpp.o
[301/545] Building CXX object src/CMakeFiles/unit_tests_dbms.dir/Functions/tests/gtest_connection_id_expired_context.cpp.o
[302/545] Building CXX object src/CMakeFiles/unit_tests_dbms.dir/Functions/tests/gtest_conversion_monotonic.cpp.o
[303/545] Building CXX object src/CMakeFiles/unit_tests_dbms.dir/Functions/tests/gtest_functions_stress.cpp.o
[304/545] Building CXX object src/CMakeFiles/unit_tests_dbms.dir/Functions/tests/gtest_generate_random_structure.cpp.o
[305/545] Building CXX object src/CMakeFiles/unit_tests_dbms.dir/Functions/tests/gtest_has_all.cpp.o
[306/545] Building CXX object src/CMakeFiles/unit_tests_dbms.dir/Functions/tests/gtest_highlight.cpp.o
[307/545] Building CXX object src/CMakeFiles/unit_tests_dbms.dir/Functions/tests/gtest_hilbert_curve.cpp.o
[308/545] Building CXX object src/CMakeFiles/unit_tests_dbms.dir/Functions/tests/gtest_low_cardinality_default_impl.cpp.o
[309/545] Building CXX object src/CMakeFiles/unit_tests_dbms.dir/Functions/tests/gtest_md5.cpp.o
[310/545] Building CXX object src/CMakeFiles/unit_tests_dbms.dir/Functions/tests/gtest_monotonic.cpp.o
[311/545] Building CXX object src/CMakeFiles/unit_tests_dbms.dir/Functions/tests/gtest_number_traits.cpp.o
[312/545] Building CXX object src/CMakeFiles/unit_tests_dbms.dir/Functions/tests/gtest_port_function.cpp.o
[313/545] Building CXX object src/CMakeFiles/unit_tests_dbms.dir/Functions/tests/gtest_reinterpret_decimal_scale.cpp.o
[314/545] Building CXX object src/CMakeFiles/unit_tests_dbms.dir/Functions/tests/gtest_sha1.cpp.o
[315/545] Building CXX object src/CMakeFiles/unit_tests_dbms.dir/Functions/tests/gtest_string_similarity.cpp.o
[316/545] Building CXX object src/CMakeFiles/unit_tests_dbms.dir/IO/AzureBlobStorage/tests/gtest_poco_azure_http_client.cpp.o
[317/545] Building CXX object src/CMakeFiles/unit_tests_dbms.dir/IO/AzureBlobStorage/tests/gtest_poco_azure_http_client_host_filter.cpp.o
[318/545] Building CXX object src/CMakeFiles/unit_tests_dbms.dir/IO/S3/tests/gtest_aws_logger.cpp.o
[319/545] Building CXX object src/CMakeFiles/unit_tests_dbms.dir/IO/S3/tests/gtest_aws_s3_client.cpp.o
[320/545] Building CXX object src/CMakeFiles/unit_tests_dbms.dir/IO/S3/tests/gtest_copy_s3_file_body.cpp.o
[321/545] Building CXX object src/CMakeFiles/unit_tests_dbms.dir/IO/S3/tests/gtest_s3_uri.cpp.o
[322/545] Building CXX object src/CMakeFiles/unit_tests_dbms.dir/IO/tests/gtest_DateTime64_parsing_and_writing.cpp.o
[323/545] Building CXX object src/CMakeFiles/unit_tests_dbms.dir/IO/tests/gtest_DateTimeToString.cpp.o
[324/545] Building CXX object src/CMakeFiles/unit_tests_dbms.dir/IO/tests/gtest_WriteHelpers.cpp.o
[325/545] Building CXX object src/CMakeFiles/unit_tests_dbms.dir/IO/tests/gtest_archive_reader_and_writer.cpp.o
[326/545] Building CXX object src/CMakeFiles/unit_tests_dbms.dir/IO/tests/gtest_bit_io.cpp.o
[327/545] Building CXX object src/CMakeFiles/unit_tests_dbms.dir/IO/tests/gtest_chained_buffers.cpp.o
[328/545] Building CXX object src/CMakeFiles/unit_tests_dbms.dir/IO/tests/gtest_fd_read_buffer_poll_under_signals.cpp.o
[329/545] Building CXX object src/CMakeFiles/unit_tests_dbms.dir/IO/tests/gtest_file_encryption.cpp.o
[330/545] Building CXX object src/CMakeFiles/unit_tests_dbms.dir/IO/tests/gtest_hadoop_snappy_decoder.cpp.o
[331/545] Building CXX object src/CMakeFiles/unit_tests_dbms.dir/IO/tests/gtest_interval_set.cpp.o
[332/545] Building CXX object src/CMakeFiles/unit_tests_dbms.dir/IO/tests/gtest_libdeflate.cpp.o
[333/545] Building CXX object src/CMakeFiles/unit_tests_dbms.dir/IO/tests/gtest_libdeflate_inflate.cpp.o
[334/545] Building CXX object src/CMakeFiles/unit_tests_dbms.dir/IO/tests/gtest_libdeflate_streaming.cpp.o
[335/545] Building CXX object src/CMakeFiles/unit_tests_dbms.dir/IO/tests/gtest_limit_seekable_read_buffer.cpp.o
[336/545] Building CXX object src/CMakeFiles/unit_tests_dbms.dir/IO/tests/gtest_local_source_reader.cpp.o
[337/545] Building CXX object src/CMakeFiles/unit_tests_dbms.dir/IO/tests/gtest_long_connection_limit.cpp.o
[338/545] Building CXX object src/CMakeFiles/unit_tests_dbms.dir/IO/tests/gtest_manip.cpp.o
[339/545] Building CXX object src/CMakeFiles/unit_tests_dbms.dir/IO/tests/gtest_memory_resize.cpp.o
[340/545] Building CXX object src/CMakeFiles/unit_tests_dbms.dir/IO/tests/gtest_mysql_binlog_event_read_buffer.cpp.o
[341/545] Building CXX object src/CMakeFiles/unit_tests_dbms.dir/IO/tests/gtest_offset_map.cpp.o
[342/545] Building CXX object src/CMakeFiles/unit_tests_dbms.dir/IO/tests/gtest_packed_writer_reader.cpp.o
[343/545] Building CXX object src/CMakeFiles/unit_tests_dbms.dir/IO/tests/gtest_page_cache_buffers.cpp.o
[344/545] Building CXX object src/CMakeFiles/unit_tests_dbms.dir/IO/tests/gtest_parse_date_time_best_effort_fast_path.cpp.o
[345/545] Building CXX object src/CMakeFiles/unit_tests_dbms.dir/IO/tests/gtest_parse_http_date.cpp.o
[346/545] Building CXX object src/CMakeFiles/unit_tests_dbms.dir/IO/tests/gtest_parse_uuid.cpp.o
[347/545] Building CXX object src/CMakeFiles/unit_tests_dbms.dir/IO/tests/gtest_peekable_read_buffer.cpp.o
[348/545] Building CXX object src/CMakeFiles/unit_tests_dbms.dir/IO/tests/gtest_pipeline_read_buffer.cpp.o
[349/545] Building CXX object src/CMakeFiles/unit_tests_dbms.dir/IO/tests/gtest_pread_no_wait.cpp.o
[350/545] Building CXX object src/CMakeFiles/unit_tests_dbms.dir/IO/tests/gtest_read_buffer_from_file_descriptor.cpp.o
[351/545] Building CXX object src/CMakeFiles/unit_tests_dbms.dir/IO/tests/gtest_read_continuity_tracker.cpp.o
[352/545] Building CXX object src/CMakeFiles/unit_tests_dbms.dir/IO/tests/gtest_read_int_text.cpp.o
[353/545] Building CXX object src/CMakeFiles/unit_tests_dbms.dir/IO/tests/gtest_read_pipeline.cpp.o
[354/545] Building CXX object src/CMakeFiles/unit_tests_dbms.dir/IO/tests/gtest_read_pipeline_executor.cpp.o
[355/545] Building CXX object src/CMakeFiles/unit_tests_dbms.dir/IO/tests/gtest_readbuffer_s3.cpp.o
[356/545] Building CXX object src/CMakeFiles/unit_tests_dbms.dir/IO/tests/gtest_reader_executor.cpp.o
[357/545] Building CXX object src/CMakeFiles/unit_tests_dbms.dir/IO/tests/gtest_reader_executor_metric.cpp.o
[358/545] Building CXX object src/CMakeFiles/unit_tests_dbms.dir/IO/tests/gtest_s3_uri.cpp.o
[359/545] Building CXX object src/CMakeFiles/unit_tests_dbms.dir/IO/tests/gtest_seek_backwards.cpp.o
[360/545] Building CXX object src/CMakeFiles/unit_tests_dbms.dir/IO/tests/gtest_silk_fiber_stream_socket.cpp.o
[361/545] Building CXX object src/CMakeFiles/unit_tests_dbms.dir/IO/tests/gtest_socket_peer_closed.cpp.o
[362/545] Building CXX object src/CMakeFiles/unit_tests_dbms.dir/IO/tests/gtest_stringstream.cpp.o
[363/545] Building CXX object src/CMakeFiles/unit_tests_dbms.dir/IO/tests/gtest_writebuffer_s3.cpp.o
[364/545] Building CXX object src/CMakeFiles/unit_tests_dbms.dir/Interpreters/tests/gtest_actions_dag_partial_result_type_drift.cpp.o
[365/545] Building CXX object src/CMakeFiles/unit_tests_dbms.dir/Interpreters/tests/gtest_aggregator_parallel_partition_merge.cpp.o
[366/545] Building CXX object src/CMakeFiles/unit_tests_dbms.dir/Interpreters/tests/gtest_async_insert_key.cpp.o
[367/545] Building CXX object src/CMakeFiles/unit_tests_dbms.dir/Interpreters/tests/gtest_bloom_filter_hash_pairs.cpp.o
[368/545] Building CXX object src/CMakeFiles/unit_tests_dbms.dir/Interpreters/tests/gtest_calculationBestPractices.cpp.o
[369/545] Building CXX object src/CMakeFiles/unit_tests_dbms.dir/Interpreters/tests/gtest_cancellation_checker.cpp.o
[370/545] Building CXX object src/CMakeFiles/unit_tests_dbms.dir/Interpreters/tests/gtest_client_info_read.cpp.o
[371/545] Building CXX object src/CMakeFiles/unit_tests_dbms.dir/Interpreters/tests/gtest_comparison_graph.cpp.o
[372/545] Building CXX object src/CMakeFiles/unit_tests_dbms.dir/Interpreters/tests/gtest_context_external_roles.cpp.o
[373/545] Building CXX object src/CMakeFiles/unit_tests_dbms.dir/Interpreters/tests/gtest_context_race.cpp.o
[374/545] Building CXX object src/CMakeFiles/unit_tests_dbms.dir/Interpreters/tests/gtest_convertFieldToType.cpp.o
[375/545] Building CXX object src/CMakeFiles/unit_tests_dbms.dir/Interpreters/tests/gtest_convert_column_to_type.cpp.o
[376/545] Building CXX object src/CMakeFiles/unit_tests_dbms.dir/Interpreters/tests/gtest_cycle_aliases.cpp.o
[377/545] Building CXX object src/CMakeFiles/unit_tests_dbms.dir/Interpreters/tests/gtest_evaluate_constant_expression.cpp.o
[378/545] Building CXX object src/CMakeFiles/unit_tests_dbms.dir/Interpreters/tests/gtest_file_cache_utils.cpp.o
[379/545] Building CXX object src/CMakeFiles/unit_tests_dbms.dir/Interpreters/tests/gtest_filecache.cpp.o
[380/545] Building CXX object src/CMakeFiles/unit_tests_dbms.dir/Interpreters/tests/gtest_future_set_content_hash.cpp.o
[381/545] Building CXX object src/CMakeFiles/unit_tests_dbms.dir/Interpreters/tests/gtest_hash_tables_statistics.cpp.o
[382/545] Building CXX object src/CMakeFiles/unit_tests_dbms.dir/Interpreters/tests/gtest_instrumentation.cpp.o
[383/545] Building CXX object src/CMakeFiles/unit_tests_dbms.dir/Interpreters/tests/gtest_mark_ranges_memory_tracking.cpp.o
[384/545] Building CXX object src/CMakeFiles/unit_tests_dbms.dir/Interpreters/tests/gtest_merge_tree_set_index.cpp.o
[385/545] Building CXX object src/CMakeFiles/unit_tests_dbms.dir/Interpreters/tests/gtest_prepared_sets_cache.cpp.o
[386/545] Building CXX object src/CMakeFiles/unit_tests_dbms.dir/Interpreters/tests/gtest_row_ref_list_insert.cpp.o
[387/545] Building CXX object src/CMakeFiles/unit_tests_dbms.dir/Interpreters/tests/gtest_set_variants_init_exception_safety.cpp.o
[388/545] Building CXX object src/CMakeFiles/unit_tests_dbms.dir/Interpreters/tests/gtest_table_overrides.cpp.o
[389/545] Building CXX object src/CMakeFiles/unit_tests_dbms.dir/Interpreters/tests/gtest_tables_status_auth_digest.cpp.o
[390/545] Building CXX object src/CMakeFiles/unit_tests_dbms.dir/Parsers/MySQL/tests/gtest_alter_command_parser.cpp.o
[391/545] Building CXX object src/CMakeFiles/unit_tests_dbms.dir/Parsers/MySQL/tests/gtest_alter_parser.cpp.o
[392/545] Building CXX object src/CMakeFiles/unit_tests_dbms.dir/Parsers/MySQL/tests/gtest_column_parser.cpp.o
[393/545] Building CXX object src/CMakeFiles/unit_tests_dbms.dir/Parsers/MySQL/tests/gtest_constraint_parser.cpp.o
[394/545] Building CXX object src/CMakeFiles/unit_tests_dbms.dir/Parsers/MySQL/tests/gtest_create_parser.cpp.o
[395/545] Building CXX object src/CMakeFiles/unit_tests_dbms.dir/Parsers/MySQL/tests/gtest_index_parser.cpp.o
[396/545] Building CXX object src/CMakeFiles/unit_tests_dbms.dir/Parsers/MySQL/tests/gtest_partition_options_parser.cpp.o
[397/545] Building CXX object src/CMakeFiles/unit_tests_dbms.dir/Parsers/MySQL/tests/gtest_partition_parser.cpp.o
[398/545] Building CXX object src/CMakeFiles/unit_tests_dbms.dir/Parsers/MySQL/tests/gtest_reference_parser.cpp.o
[399/545] Building CXX object src/CMakeFiles/unit_tests_dbms.dir/Parsers/MySQL/tests/gtest_subpartition_parser.cpp.o
[400/545] Building CXX object src/CMakeFiles/unit_tests_dbms.dir/Parsers/MySQL/tests/gtest_table_options_parser.cpp.o
[401/545] Building CXX object src/CMakeFiles/unit_tests_dbms.dir/Parsers/Prometheus/tests/gtest_PromQLParser.cpp.o
[402/545] Building CXX object src/CMakeFiles/unit_tests_dbms.dir/Parsers/tests/gtest_Parser.cpp.o
[403/545] Building CXX object src/CMakeFiles/unit_tests_dbms.dir/Parsers/tests/gtest_alter_comment_only.cpp.o
[404/545] Building CXX object src/CMakeFiles/unit_tests_dbms.dir/Parsers/tests/gtest_ast_deleter.cpp.o
[405/545] Building CXX object src/CMakeFiles/unit_tests_dbms.dir/Parsers/tests/gtest_create_user_valid_until_children.cpp.o
[406/545] Building CXX object src/CMakeFiles/unit_tests_dbms.dir/Parsers/tests/gtest_dictionary_parser.cpp.o
[407/545] Building CXX object src/CMakeFiles/unit_tests_dbms.dir/Parsers/tests/gtest_literal_escaping_style.cpp.o
[408/545] Building CXX object src/CMakeFiles/unit_tests_dbms.dir/Parsers/tests/gtest_literal_token_map.cpp.o
[409/545] Building CXX object src/CMakeFiles/unit_tests_dbms.dir/Parsers/tests/gtest_play_bracket_matching.cpp.o
[410/545] Building CXX object src/CMakeFiles/unit_tests_dbms.dir/Parsers/tests/gtest_play_detect_explicit_format.cpp.o
[411/545] Building CXX object src/CMakeFiles/unit_tests_dbms.dir/Parsers/tests/gtest_play_detect_framing_setting.cpp.o
[412/545] Building CXX object src/CMakeFiles/unit_tests_dbms.dir/Parsers/tests/gtest_play_get_query_under_cursor.cpp.o
[413/545] Building CXX object src/CMakeFiles/unit_tests_dbms.dir/Parsers/tests/gtest_play_highlight_query_error.cpp.o
[414/545] Building CXX object src/CMakeFiles/unit_tests_dbms.dir/Parsers/tests/gtest_play_query_is_read_only.cpp.o
[415/545] Building CXX object src/CMakeFiles/unit_tests_dbms.dir/Parsers/tests/gtest_split_multipart_query.cpp.o
[416/545] Building CXX object src/CMakeFiles/unit_tests_dbms.dir/Parsers/tests/gtest_stream_settings.cpp.o
[417/545] Building CXX object src/CMakeFiles/unit_tests_dbms.dir/Parsers/tests/gtest_text_between.cpp.o
[418/545] Building CXX object src/CMakeFiles/unit_tests_dbms.dir/Parsers/tests/gtest_tree_hash_completeness.cpp.o
[419/545] Building CXX object src/CMakeFiles/unit_tests_dbms.dir/Planner/tests/gtest_planner_empty_projection.cpp.o
[420/545] Building CXX object src/CMakeFiles/unit_tests_dbms.dir/Processors/Executors/Runtime/tests/gtest_polling_queue.cpp.o
[421/545] Building CXX object src/CMakeFiles/unit_tests_dbms.dir/Processors/Formats/Impl/Parquet/tests/gtest_parquet_reader_prewhere_tail_suppression.cpp.o
[422/545] Building CXX object src/CMakeFiles/unit_tests_dbms.dir/Processors/Formats/Impl/tests/gtest_constant_expression_template_token_guard.cpp.o
[423/545] Building CXX object src/CMakeFiles/unit_tests_dbms.dir/Processors/Formats/Impl/tests/gtest_protobuf_sync_after_error.cpp.o
[424/545] Building CXX object src/CMakeFiles/unit_tests_dbms.dir/Processors/Formats/Impl/tests/gtest_row_input_format_diagnostic_on_canceled_buffer.cpp.o
[425/545] Building CXX object src/CMakeFiles/unit_tests_dbms.dir/Processors/Merges/Algorithms/tests/gtest_graphite.cpp.o
[426/545] Building CXX object src/CMakeFiles/unit_tests_dbms.dir/Processors/Merges/Algorithms/tests/gtest_merged_data_has_enough_rows.cpp.o
[427/545] Building CXX object src/CMakeFiles/unit_tests_dbms.dir/Processors/Merges/Algorithms/tests/gtest_merged_data_replicated.cpp.o
[428/545] Building CXX object src/CMakeFiles/unit_tests_dbms.dir/Processors/Merges/Algorithms/tests/gtest_merging_sorted_batch_limits.cpp.o
[429/545] Building CXX object src/CMakeFiles/unit_tests_dbms.dir/Processors/QueryPlan/Optimizations/Cascades/tests/gtest_cascades_best_implementation.cpp.o
[430/545] Building CXX object src/CMakeFiles/unit_tests_dbms.dir/Processors/QueryPlan/Optimizations/Cascades/tests/gtest_cascades_cost_config.cpp.o
[431/545] Building CXX object src/CMakeFiles/unit_tests_dbms.dir/Processors/QueryPlan/Optimizations/Cascades/tests/gtest_cascades_dag_name_translation.cpp.o
[432/545] Building CXX object src/CMakeFiles/unit_tests_dbms.dir/Processors/QueryPlan/Optimizations/Cascades/tests/gtest_cascades_filter_selectivity.cpp.o
[433/545] Building CXX object src/CMakeFiles/unit_tests_dbms.dir/Processors/QueryPlan/Optimizations/Cascades/tests/gtest_cascades_group_dedup.cpp.o
[434/545] Building CXX object src/CMakeFiles/unit_tests_dbms.dir/Processors/QueryPlan/Optimizations/Cascades/tests/gtest_cascades_join_stats.cpp.o
[435/545] Building CXX object src/CMakeFiles/unit_tests_dbms.dir/Processors/QueryPlan/Optimizations/Cascades/tests/gtest_cascades_operator_cost.cpp.o
[436/545] Building CXX object src/CMakeFiles/unit_tests_dbms.dir/Processors/QueryPlan/Optimizations/Cascades/tests/gtest_cascades_partial_topn_cost.cpp.o
[437/545] Building CXX object src/CMakeFiles/unit_tests_dbms.dir/Processors/QueryPlan/Optimizations/Cascades/tests/gtest_cascades_properties.cpp.o
[438/545] Building CXX object src/CMakeFiles/unit_tests_dbms.dir/Processors/QueryPlan/Optimizations/Cascades/tests/gtest_cascades_replicated_subplan.cpp.o
[439/545] Building CXX object src/CMakeFiles/unit_tests_dbms.dir/Processors/QueryPlan/Optimizations/Cascades/tests/gtest_cascades_task_limit.cpp.o
[440/545] Building CXX object src/CMakeFiles/unit_tests_dbms.dir/Processors/QueryPlan/Optimizations/tests/gtest_convert_any_join.cpp.o
[441/545] Building CXX object src/CMakeFiles/unit_tests_dbms.dir/Processors/QueryPlan/tests/gtest_adaptive_aggregator_plan_setting.cpp.o
[442/545] Building CXX object src/CMakeFiles/unit_tests_dbms.dir/Processors/QueryPlan/tests/gtest_aggregating_step_clears_reduced_flag.cpp.o
[443/545] Building CXX object src/CMakeFiles/unit_tests_dbms.dir/Processors/QueryPlan/tests/gtest_aggregating_step_settings_roundtrip.cpp.o
[444/545] Building CXX object src/CMakeFiles/unit_tests_dbms.dir/Processors/QueryPlan/tests/gtest_array_join_step_serialization_roundtrip.cpp.o
[445/545] Building CXX object src/CMakeFiles/unit_tests_dbms.dir/Processors/QueryPlan/tests/gtest_column_stats_derivation.cpp.o
[446/545] Building CXX object src/CMakeFiles/unit_tests_dbms.dir/Processors/QueryPlan/tests/gtest_distributed_final_empty_lane.cpp.o
[447/545] Building CXX object src/CMakeFiles/unit_tests_dbms.dir/Processors/QueryPlan/tests/gtest_packed_string_keys_plan_setting.cpp.o
[448/545] Building CXX object src/CMakeFiles/unit_tests_dbms.dir/Processors/QueryPlan/tests/gtest_query_plan_execution_limits.cpp.o
[449/545] Building CXX object src/CMakeFiles/unit_tests_dbms.dir/Processors/QueryPlan/tests/gtest_siphashing_write_buffer_key_identity.cpp.o
[450/545] Building CXX object src/CMakeFiles/unit_tests_dbms.dir/Processors/tests/gtest_assert_arrow_log_does_not_abort.cpp.o
[451/545] Building CXX object src/CMakeFiles/unit_tests_dbms.dir/Processors/tests/gtest_ch_column_to_arrow_column_time_range.cpp.o
[452/545] Building CXX object src/CMakeFiles/unit_tests_dbms.dir/Processors/tests/gtest_distinct_sorted_stream_transform_limits.cpp.o
[453/545] Building CXX object src/CMakeFiles/unit_tests_dbms.dir/Processors/tests/gtest_exception_on_incorrect_pipeline.cpp.o
[454/545] Building CXX object src/CMakeFiles/unit_tests_dbms.dir/Processors/tests/gtest_executing_graph_add_edge_missing_peer.cpp.o
[455/545] Building CXX object src/CMakeFiles/unit_tests_dbms.dir/Processors/tests/gtest_full_sorting_join.cpp.o
[456/545] Building CXX object src/CMakeFiles/unit_tests_dbms.dir/Processors/tests/gtest_grouping_aggregated_transform_bucket_pushed_once.cpp.o
[457/545] Building CXX object src/CMakeFiles/unit_tests_dbms.dir/Processors/tests/gtest_jemalloc_profile_source.cpp.o
[458/545] Building CXX object src/CMakeFiles/unit_tests_dbms.dir/Processors/tests/gtest_limit_by_transform_exception_safety.cpp.o
[459/545] Building CXX object src/CMakeFiles/unit_tests_dbms.dir/Processors/tests/gtest_merge_join_starved_totals.cpp.o
[460/545] Building CXX object src/CMakeFiles/unit_tests_dbms.dir/Processors/tests/gtest_scatter_round_robin.cpp.o
[461/545] Building CXX object src/CMakeFiles/unit_tests_dbms.dir/Processors/tests/gtest_strict_resize_finished_disabled_input.cpp.o
[462/545] Building CXX object src/CMakeFiles/unit_tests_dbms.dir/Processors/tests/gtest_update_pipeline.cpp.o
[463/545] Building CXX object src/CMakeFiles/unit_tests_dbms.dir/Processors/tests/gtest_write_orc_iceberg_required.cpp.o
[464/545] Building CXX object src/CMakeFiles/unit_tests_dbms.dir/Processors/tests/gtest_write_parquet_page_index.cpp.o
[465/545] Building CXX object src/CMakeFiles/unit_tests_dbms.dir/QueryPipeline/tests/gtest_blocks_size_merging_streams.cpp.o
[466/545] Building CXX object src/CMakeFiles/unit_tests_dbms.dir/QueryPipeline/tests/gtest_check_sorted_stream.cpp.o
[467/545] Building CXX object src/CMakeFiles/unit_tests_dbms.dir/QueryPipeline/tests/gtest_merging_sorted_empty_chunk.cpp.o
[468/545] Building CXX object src/CMakeFiles/unit_tests_dbms.dir/QueryPipeline/tests/gtest_print_pipeline_dangling_output.cpp.o
[469/545] Building CXX object src/CMakeFiles/unit_tests_dbms.dir/QueryPipeline/tests/gtest_resize_transform.cpp.o
[470/545] Building CXX object src/CMakeFiles/unit_tests_dbms.dir/Server/DistributedQuery/tests/gtest_distributed_query.cpp.o
[471/545] Building CXX object src/CMakeFiles/unit_tests_dbms.dir/Server/DistributedQuery/tests/gtest_distributed_query_failure_report.cpp.o
[472/545] Building CXX object src/CMakeFiles/unit_tests_dbms.dir/Server/DistributedQuery/tests/gtest_exchange_server_handshake.cpp.o
[473/545] Building CXX object src/CMakeFiles/unit_tests_dbms.dir/Server/tests/gtest_http_response_helpers.cpp.o
[474/545] Building CXX object src/CMakeFiles/unit_tests_dbms.dir/Server/tests/gtest_prometheus_metrics_writer.cpp.o
[475/545] Building CXX object src/CMakeFiles/unit_tests_dbms.dir/Storages/Kafka/tests/gtest_aws_msk_iam_auth.cpp.o
[476/545] Building CXX object src/CMakeFiles/unit_tests_dbms.dir/Storages/MergeTree/PatchParts/tests/gtest_apply_patches_type_mismatch.cpp.o
[477/545] Building CXX object src/CMakeFiles/unit_tests_dbms.dir/Storages/MergeTree/Streaming/tests/gtest_bounds_subscription.cpp.o
[478/545] Building CXX object src/CMakeFiles/unit_tests_dbms.dir/Storages/MergeTree/Streaming/tests/gtest_cursor_promoter.cpp.o
[479/545] Building CXX object src/CMakeFiles/unit_tests_dbms.dir/Storages/MergeTree/Streaming/tests/gtest_subscription_enrichment.cpp.o
[480/545] Building CXX object src/CMakeFiles/unit_tests_dbms.dir/Storages/MergeTree/UniqueKey/tests/gtest_delete_bitmap.cpp.o
[481/545] Building CXX object src/CMakeFiles/unit_tests_dbms.dir/Storages/MergeTree/UniqueKey/tests/gtest_delete_bitmap_file_ops.cpp.o
[482/545] Building CXX object src/CMakeFiles/unit_tests_dbms.dir/Storages/MergeTree/UniqueKey/tests/gtest_merge_tree_bitmap_store.cpp.o
[483/545] Building CXX object src/CMakeFiles/unit_tests_dbms.dir/Storages/MergeTree/UniqueKey/tests/gtest_unique_key_encoding.cpp.o
[484/545] Building CXX object src/CMakeFiles/unit_tests_dbms.dir/Storages/MergeTree/UniqueKey/tests/gtest_unique_key_probe.cpp.o
[485/545] Building CXX object src/CMakeFiles/unit_tests_dbms.dir/Storages/MergeTree/UniqueKey/tests/gtest_unique_key_sst_probe.cpp.o
[486/545] Building CXX object src/CMakeFiles/unit_tests_dbms.dir/Storages/MergeTree/tests/gtest_active_data_part_set.cpp.o
[487/545] Building CXX object src/CMakeFiles/unit_tests_dbms.dir/Storages/MergeTree/tests/gtest_async_inserts.cpp.o
[488/545] Building CXX object src/CMakeFiles/unit_tests_dbms.dir/Storages/MergeTree/tests/gtest_blocked_positions_codec.cpp.o
[489/545] Building CXX object src/CMakeFiles/unit_tests_dbms.dir/Storages/MergeTree/tests/gtest_combine_filters.cpp.o
[490/545] Building CXX object src/CMakeFiles/unit_tests_dbms.dir/Storages/MergeTree/tests/gtest_executor.cpp.o
[491/545] Building CXX object src/CMakeFiles/unit_tests_dbms.dir/Storages/MergeTree/tests/gtest_generic_exclusion_search.cpp.o
[492/545] Building CXX object src/CMakeFiles/unit_tests_dbms.dir/Storages/MergeTree/tests/gtest_index_set.cpp.o
[493/545] Building CXX object src/CMakeFiles/unit_tests_dbms.dir/Storages/MergeTree/tests/gtest_key_condition_trivial_cast.cpp.o
[494/545] Building CXX object src/CMakeFiles/unit_tests_dbms.dir/Storages/MergeTree/tests/gtest_merge_tree_deduplication_log.cpp.o
[495/545] Building CXX object src/CMakeFiles/unit_tests_dbms.dir/Storages/MergeTree/tests/gtest_merged_part_offsets.cpp.o
[496/545] Building CXX object src/CMakeFiles/unit_tests_dbms.dir/Storages/MergeTree/tests/gtest_minmax_index_store_prefix.cpp.o
[497/545] Building CXX object src/CMakeFiles/unit_tests_dbms.dir/Storages/MergeTree/tests/gtest_mutation_commands.cpp.o
[498/545] Building CXX object src/CMakeFiles/unit_tests_dbms.dir/Storages/MergeTree/tests/gtest_partition_action_blocker.cpp.o
[499/545] Building CXX object src/CMakeFiles/unit_tests_dbms.dir/Storages/MergeTree/tests/gtest_posting_list_codec.cpp.o
[500/545] Building CXX object src/CMakeFiles/unit_tests_dbms.dir/Storages/MergeTree/tests/gtest_posting_list_cursor.cpp.o
[501/545] Building CXX object src/CMakeFiles/unit_tests_dbms.dir/Storages/MergeTree/tests/gtest_projection_index_bitmap.cpp.o
[502/545] Building CXX object src/CMakeFiles/unit_tests_dbms.dir/Storages/MergeTree/tests/gtest_reader_mixed_codecs.cpp.o
[503/545] Building CXX object src/CMakeFiles/unit_tests_dbms.dir/Storages/MergeTree/tests/gtest_shared_part_columns.cpp.o
[504/545] Building CXX object src/CMakeFiles/unit_tests_dbms.dir/Storages/MergeTree/tests/gtest_simple_merge_selector.cpp.o
[505/545] Building CXX object src/CMakeFiles/unit_tests_dbms.dir/Storages/MergeTree/tests/gtest_temporary_parts.cpp.o
[506/545] Building CXX object src/CMakeFiles/unit_tests_dbms.dir/Storages/MergeTree/tests/gtest_text_index_front_coding.cpp.o
[507/545] Building CXX object src/CMakeFiles/unit_tests_dbms.dir/Storages/MergeTree/tests/gtest_text_index_postings_deserialization.cpp.o
[508/545] Building CXX object src/CMakeFiles/unit_tests_dbms.dir/Storages/MergeTree/tests/gtest_text_search_query.cpp.o
[509/545] Building CXX object src/CMakeFiles/unit_tests_dbms.dir/Storages/MergeTree/tests/gtest_trivial_count_null_snapshot.cpp.o
[510/545] Building CXX object src/CMakeFiles/unit_tests_dbms.dir/Storages/MergeTree/tests/gtest_unique_key_index_cache.cpp.o
[511/545] Building CXX object src/CMakeFiles/unit_tests_dbms.dir/Storages/ObjectStorage/DataLakes/Iceberg/tests/gtest_iceberg_chunk_partitioner.cpp.o
[512/545] Building CXX object src/CMakeFiles/unit_tests_dbms.dir/Storages/ObjectStorage/DataLakes/Iceberg/tests/gtest_iceberg_commit_propagation.cpp.o
[513/545] Building CXX object src/CMakeFiles/unit_tests_dbms.dir/Storages/ObjectStorage/DataLakes/Iceberg/tests/gtest_iceberg_metadata_generator.cpp.o
[514/545] Building CXX object src/CMakeFiles/unit_tests_dbms.dir/Storages/ObjectStorage/DataLakes/Iceberg/tests/gtest_iceberg_path_resolver.cpp.o
[515/545] Building CXX object src/CMakeFiles/unit_tests_dbms.dir/Storages/ObjectStorage/DataLakes/Iceberg/tests/gtest_iceberg_schema_processor.cpp.o
[516/545] Building CXX object src/CMakeFiles/unit_tests_dbms.dir/Storages/ObjectStorage/DataLakes/Iceberg/tests/gtest_iceberg_snapshot_summary.cpp.o
[517/545] Building CXX object src/CMakeFiles/unit_tests_dbms.dir/Storages/ObjectStorage/DataLakes/Paimon/tests/gtest_paimon_binary_row.cpp.o
[518/545] Building CXX object src/CMakeFiles/unit_tests_dbms.dir/Storages/ObjectStorage/DataLakes/Paimon/tests/gtest_paimon_latest_hint.cpp.o
[519/545] Building CXX object src/CMakeFiles/unit_tests_dbms.dir/Storages/ObjectStorage/tests/gtest_datalake_table_state_serde.cpp.o
[520/545] Building CXX object src/CMakeFiles/unit_tests_dbms.dir/Storages/ObjectStorage/tests/gtest_rendezvous_hashing.cpp.o
[521/545] Building CXX object src/CMakeFiles/unit_tests_dbms.dir/Storages/ObjectStorage/tests/gtest_storage_object_storage_archive.cpp.o
[522/545] Building CXX object src/CMakeFiles/unit_tests_dbms.dir/Storages/ObjectStorageQueue/tests/gtest_object_storage_queue_metadata.cpp.o
[523/545] Building CXX object src/CMakeFiles/unit_tests_dbms.dir/Storages/Statistics/tests/gtest_stats.cpp.o
[524/545] Building CXX object src/CMakeFiles/unit_tests_dbms.dir/Storages/Streaming/tests/gtest_subscription_manager.cpp.o
[525/545] Building CXX object src/CMakeFiles/unit_tests_dbms.dir/Storages/tests/gtest_SplitByNonAlphaTokenExtractor.cpp.o
[526/545] Building CXX object src/CMakeFiles/unit_tests_dbms.dir/Storages/tests/gtest_aux_funcs_for_adaptive_granularity.cpp.o
[527/545] Building CXX object src/CMakeFiles/unit_tests_dbms.dir/Storages/tests/gtest_aux_funcs_for_adaptive_granularity_compact_parts.cpp.o
[528/545] Building CXX object src/CMakeFiles/unit_tests_dbms.dir/Storages/tests/gtest_azure_configuration.cpp.o
[529/545] Building CXX object src/CMakeFiles/unit_tests_dbms.dir/Storages/tests/gtest_columns_description.cpp.o
[530/545] Building CXX object src/CMakeFiles/unit_tests_dbms.dir/Storages/tests/gtest_compression_codec_selector.cpp.o
[531/545] Building CXX object src/CMakeFiles/unit_tests_dbms.dir/Storages/tests/gtest_delta_kernel.cpp.o
[532/545] Building CXX object src/CMakeFiles/unit_tests_dbms.dir/Storages/tests/gtest_distributed_async_insert_header.cpp.o
[533/545] Building CXX object src/CMakeFiles/unit_tests_dbms.dir/Storages/tests/gtest_distributed_async_insert_sleep_time.cpp.o
[534/545] Building CXX object src/CMakeFiles/unit_tests_dbms.dir/Storages/tests/gtest_hive_partitioning_utils.cpp.o
[535/545] Building CXX object src/CMakeFiles/unit_tests_dbms.dir/Storages/tests/gtest_query_condition_cache_key.cpp.o
[536/545] Building CXX object src/CMakeFiles/unit_tests_dbms.dir/Storages/tests/gtest_rabbitmq_handler.cpp.o
[537/545] Building CXX object src/CMakeFiles/unit_tests_dbms.dir/Storages/tests/gtest_replicated_merge_tree_alters_sequence.cpp.o
[538/545] Building CXX object src/CMakeFiles/unit_tests_dbms.dir/Storages/tests/gtest_row_source_bits_test.cpp.o
[539/545] Building CXX object src/CMakeFiles/unit_tests_dbms.dir/Storages/tests/gtest_storage_log.cpp.o
[540/545] Building CXX object src/CMakeFiles/unit_tests_dbms.dir/Storages/tests/gtest_storage_url_scheme_dispatch.cpp.o
[541/545] Building CXX object src/CMakeFiles/unit_tests_dbms.dir/Storages/tests/gtest_streaming_storage_registry.cpp.o
[542/545] Building CXX object src/CMakeFiles/unit_tests_dbms.dir/Storages/tests/gtest_transform_query_for_external_database.cpp.o
[543/545] Linking CXX executable src/unit_tests_dbms
[544/545] Building CXX object src/Common/ZooKeeper/CMakeFiles/clickhouse_common_zookeeper_no_log.dir/ZooKeeperImpl.cpp.o
[545/545] Linking CXX static library src/Common/ZooKeeper/libclickhouse_common_zookeeper_no_log.a
